## RocketMQ

### 下载安装

下载地址：https://dist.apache.org/repos/dist/release/rocketmq/5.1.3/rocketmq-all-5.1.3-source-release.zip

安装环境：Centos

**步骤：**

1、解压5.1.3的源码包并编译构建二进制可执行文件

```shell
$ unzip rocketmq-all-5.1.3-source-release.zip
$ cd rocketmq-all-5.1.3-source-release/
$ mvn -Prelease-all -DskipTests -Dspotbugs.skip=true clean install -U
$ cd distribution/target/rocketmq-5.1.3/rocketmq-5.1.3
```

2、启动NameServer

```she
### 启动namesrv
$ nohup sh bin/mqnamesrv &
 
### 验证namesrv是否启动成功
$ tail -f ~/logs/rocketmqlogs/namesrv.log
The Name Server boot success...


关闭namesrv服务：sh bin/mqshutdown namesrv

关闭broker服务 ：sh bin/mqshutdown broker
```

我们可以在namesrv.log 中看到 **'The Name Server boot success..'，** 表示NameServer 已成功启动。

但启动在namesrv.log，无法看到日志，通过查看tail -f hs_err_pid1656.log，提示以下错误

![](C:\Users\Admin\Desktop\工作\uds\学习\RocketMQ\namesrv启动error.png)

**原因：**

RocketMQ默认的虚拟机内存较大，启动Broker如果因为内存不足失败，需要编辑如下两个配置文件，修改JVM内存大小

编辑runbroker.sh和runserver.sh修改默认JVM大小
`vi runserver.sh` (配置NameServer)
`vi runbroker.sh` (配置Broker)

修改配置后启动成功

![](C:\Users\Admin\Desktop\工作\uds\学习\RocketMQ\namesrv启动成功.png)

3、启动Broker+Proxy

```she
### 先启动broker
$ nohup sh bin/mqbroker -n localhost:9876 &
$ nohup sh bin/mqbroker -n localhost:9876 --enable-proxy &
### 验证broker是否启动成功, 比如, broker的ip是192.168.1.2 然后名字是broker-a
$ tail -f ~/logs/rocketmqlogs/proxy.log 
The broker[broker-a,192.169.1.2:10911] boot success...
### 最后我们使用jps命令看看刚才的是否成功启动服务
[root@VM-4-10-centos rocketmq-all-5.1.3-source-release]# jps
21760 jar
10145 ProxyStartup
4435 NamesrvStartup
25588 Jps
```

4、 工具测试消息收发

```shell
$ export NAMESRV_ADDR=localhost:9876
$ sh bin/tools.sh org.apache.rocketmq.example.quickstart.Producer
 SendResult [sendStatus=SEND_OK, msgId= ...

$ sh bin/tools.sh org.apache.rocketmq.example.quickstart.Consumer
 ConsumeMessageThread_%d Receive New Messages: [MessageExt...
```
### RocketDashBoard安装

```shell
server:
  port: 9800
  servlet:
    encoding:
      charset: UTF-8
      enabled: true
      force: true

spring:
  application:
    name: rocketmq-dashboard

logging:
  config: classpath:logback.xml

rocketmq:
  config:
    # if this value is empty,use env value rocketmq.config.namesrvAddr  NAMESRV_ADDR | now, default localhost:9876
    # configure multiple namesrv addresses to manage multiple different clusters
    namesrvAddrs:
      - 127.0.0.1:9876
    # if you use rocketmq version < 3.5.8, rocketmq.config.isVIPChannel should be false.default true
    isVIPChannel:
```



